Konrad Zapalowicz <konrad.zapalowicz@canonical.com>
Simon Fels <simon.fels@canonical.com>
